// Vitest Snapshot v1, https://vitest.dev/guide/snapshot.html

exports[`permission matrix (API routes × shared-types model) > role × permission access matrix matches the shared model (snapshot) 1`] = `
"GET /v1/admin/audit-logs perm=platform:manage allow=[super_admin]
GET /v1/admin/events perm=platform:manage allow=[super_admin]
GET /v1/admin/inbox perm=platform:manage allow=[super_admin]
GET /v1/admin/notifications perm=platform:manage allow=[super_admin]
PUT /v1/admin/notifications/:key perm=platform:manage allow=[super_admin]
GET /v1/admin/notifications/:key/history perm=platform:manage allow=[super_admin]
POST /v1/admin/notifications/:key/preview perm=platform:manage allow=[super_admin]
POST /v1/admin/notifications/:key/test-send perm=platform:manage allow=[super_admin]
GET /v1/admin/notifications/delivery perm=platform:manage allow=[super_admin]
GET /v1/admin/notifications/per-org perm=platform:manage allow=[super_admin]
GET /v1/admin/notifications/stats perm=platform:manage allow=[super_admin]
GET /v1/admin/organizations perm=platform:manage allow=[super_admin]
PATCH /v1/admin/organizations/:orgId/status perm=platform:manage allow=[super_admin]
POST /v1/admin/organizations/:orgId/subscription/assign perm=platform:manage allow=[super_admin]
PATCH /v1/admin/organizations/:orgId/verify perm=platform:manage allow=[super_admin]
GET /v1/admin/plans perm=plan:manage allow=[super_admin]
POST /v1/admin/plans perm=plan:manage allow=[super_admin]
DELETE /v1/admin/plans/:planId perm=plan:manage allow=[super_admin]
GET /v1/admin/plans/:planId perm=plan:manage allow=[super_admin]
PATCH /v1/admin/plans/:planId perm=plan:manage allow=[super_admin]
POST /v1/admin/plans/:planId/preview-change perm=plan:manage allow=[super_admin]
GET /v1/admin/plans/analytics perm=platform:manage allow=[super_admin]
GET /v1/admin/search perm=platform:manage allow=[super_admin]
GET /v1/admin/stats perm=platform:manage allow=[super_admin]
GET /v1/admin/users perm=platform:manage allow=[super_admin]
GET /v1/admin/users/:userId perm=platform:manage allow=[super_admin]
POST /v1/admin/users/:userId/impersonate perm=platform:manage allow=[super_admin]
PATCH /v1/admin/users/:userId/roles perm=platform:manage allow=[super_admin]
PATCH /v1/admin/users/:userId/status perm=platform:manage allow=[super_admin]
POST /v1/badge-templates perm=badge:generate allow=[co_organizer,organizer,super_admin]
DELETE /v1/badge-templates/:templateId perm=badge:generate allow=[co_organizer,organizer,super_admin]
PATCH /v1/badge-templates/:templateId perm=badge:generate allow=[co_organizer,organizer,super_admin]
GET /v1/badges/:badgeId/download perm=badge:view_own allow=[co_organizer,organizer,participant,speaker,sponsor,staff,super_admin,venue_manager]
POST /v1/badges/bulk-generate perm=badge:bulk_generate allow=[co_organizer,organizer,super_admin]
POST /v1/badges/generate perm=badge:generate allow=[co_organizer,organizer,super_admin]
GET /v1/badges/me/:eventId perm=badge:view_own allow=[co_organizer,organizer,participant,speaker,sponsor,staff,super_admin,venue_manager]
GET /v1/badges/me/:eventId/pdf perm=badge:view_own allow=[co_organizer,organizer,participant,speaker,sponsor,staff,super_admin,venue_manager]
GET /v1/badges/offline-sync/:eventId perm=checkin:sync_offline allow=[co_organizer,organizer,staff,super_admin]
GET /v1/conversations perm=messaging:read_own allow=[co_organizer,organizer,participant,speaker,sponsor,staff,super_admin,venue_manager]
POST /v1/conversations perm=messaging:send allow=[co_organizer,organizer,participant,speaker,sponsor,super_admin,venue_manager]
GET /v1/conversations/:conversationId/messages perm=messaging:read_own allow=[co_organizer,organizer,participant,speaker,sponsor,staff,super_admin,venue_manager]
POST /v1/conversations/:conversationId/messages perm=messaging:send allow=[co_organizer,organizer,participant,speaker,sponsor,super_admin,venue_manager]
POST /v1/conversations/:conversationId/read perm=messaging:read_own allow=[co_organizer,organizer,participant,speaker,sponsor,staff,super_admin,venue_manager]
POST /v1/events perm=event:create allow=[organizer,super_admin]
DELETE /v1/events/:eventId perm=event:delete allow=[organizer,super_admin]
PATCH /v1/events/:eventId perm=event:update allow=[co_organizer,organizer,super_admin]
POST /v1/events/:eventId/access-zones perm=event:update allow=[co_organizer,organizer,super_admin]
DELETE /v1/events/:eventId/access-zones/:zoneId perm=event:update allow=[co_organizer,organizer,super_admin]
PATCH /v1/events/:eventId/access-zones/:zoneId perm=event:update allow=[co_organizer,organizer,super_admin]
POST /v1/events/:eventId/broadcast perm=broadcast:send allow=[co_organizer,organizer,super_admin]
GET /v1/events/:eventId/broadcasts perm=broadcast:read allow=[co_organizer,organizer,super_admin]
POST /v1/events/:eventId/cancel perm=event:update allow=[co_organizer,organizer,super_admin]
GET /v1/events/:eventId/checkin/anomalies perm=checkin:view_log allow=[co_organizer,organizer,staff,super_admin]
GET /v1/events/:eventId/checkin/history perm=checkin:view_log allow=[co_organizer,organizer,staff,super_admin]
GET /v1/events/:eventId/checkin/stats perm=checkin:view_log allow=[co_organizer,organizer,staff,super_admin]
POST /v1/events/:eventId/checkin/sync perm=checkin:scan allow=[co_organizer,organizer,staff,super_admin]
GET /v1/events/:eventId/checkins perm=checkin:view_log allow=[co_organizer,organizer,staff,super_admin]
POST /v1/events/:eventId/clone perm=event:create allow=[organizer,super_admin]
GET /v1/events/:eventId/feed perm=feed:read allow=[co_organizer,organizer,participant,speaker,sponsor,staff,super_admin,venue_manager]
POST /v1/events/:eventId/feed perm=feed:create_post allow=[co_organizer,organizer,participant,speaker,sponsor,super_admin,venue_manager]
DELETE /v1/events/:eventId/feed/:postId perm=feed:create_post allow=[co_organizer,organizer,participant,speaker,sponsor,super_admin,venue_manager]
PATCH /v1/events/:eventId/feed/:postId perm=feed:create_post allow=[co_organizer,organizer,participant,speaker,sponsor,super_admin,venue_manager]
GET /v1/events/:eventId/feed/:postId/comments perm=feed:read allow=[co_organizer,organizer,participant,speaker,sponsor,staff,super_admin,venue_manager]
POST /v1/events/:eventId/feed/:postId/comments perm=feed:create_post allow=[co_organizer,organizer,participant,speaker,sponsor,super_admin,venue_manager]
DELETE /v1/events/:eventId/feed/:postId/comments/:commentId perm=feed:create_post allow=[co_organizer,organizer,participant,speaker,sponsor,super_admin,venue_manager]
POST /v1/events/:eventId/feed/:postId/like perm=feed:read allow=[co_organizer,organizer,participant,speaker,sponsor,staff,super_admin,venue_manager]
POST /v1/events/:eventId/feed/:postId/pin perm=feed:moderate allow=[co_organizer,organizer,super_admin]
POST /v1/events/:eventId/feed/upload-url perm=feed:create_post allow=[co_organizer,organizer,participant,speaker,sponsor,super_admin,venue_manager]
GET /v1/events/:eventId/promo-codes perm=event:read allow=[co_organizer,organizer,speaker,sponsor,staff,super_admin]
POST /v1/events/:eventId/promo-codes perm=event:update allow=[co_organizer,organizer,super_admin]
POST /v1/events/:eventId/publish perm=event:publish allow=[co_organizer,organizer,super_admin]
POST /v1/events/:eventId/qr-key/rotate perm=event:update allow=[co_organizer,organizer,super_admin]
POST /v1/events/:eventId/scan-policy perm=event:update allow=[co_organizer,organizer,super_admin]
POST /v1/events/:eventId/sessions perm=event:create allow=[organizer,super_admin]
DELETE /v1/events/:eventId/sessions/:sessionId perm=event:update allow=[co_organizer,organizer,super_admin]
PATCH /v1/events/:eventId/sessions/:sessionId perm=event:update allow=[co_organizer,organizer,super_admin]
POST /v1/events/:eventId/speakers perm=event:manage_speakers allow=[co_organizer,organizer,super_admin]
POST /v1/events/:eventId/sponsors perm=event:manage_sponsors allow=[co_organizer,organizer,super_admin]
GET /v1/events/:eventId/sync perm=checkin:sync_offline allow=[co_organizer,organizer,staff,super_admin]
POST /v1/events/:eventId/ticket-types perm=event:update allow=[co_organizer,organizer,super_admin]
DELETE /v1/events/:eventId/ticket-types/:ticketTypeId perm=event:update allow=[co_organizer,organizer,super_admin]
PATCH /v1/events/:eventId/ticket-types/:ticketTypeId perm=event:update allow=[co_organizer,organizer,super_admin]
POST /v1/events/:eventId/unpublish perm=event:publish allow=[co_organizer,organizer,super_admin]
POST /v1/events/:eventId/upload-url perm=event:update allow=[co_organizer,organizer,super_admin]
GET /v1/events/org/:orgId perm=event:read allow=[co_organizer,organizer,speaker,sponsor,staff,super_admin]
DELETE /v1/events/promo-codes/:promoCodeId perm=event:update allow=[co_organizer,organizer,super_admin]
DELETE /v1/events/speakers/:speakerId perm=event:manage_speakers allow=[co_organizer,organizer,super_admin]
PATCH /v1/events/speakers/:speakerId perm=profile:update_own allow=[co_organizer,organizer,participant,speaker,sponsor,staff,super_admin,venue_manager]
PUT /v1/events/speakers/:speakerId perm=profile:update_own allow=[co_organizer,organizer,participant,speaker,sponsor,staff,super_admin,venue_manager]
POST /v1/events/speakers/:speakerId/upload-url perm=profile:update_own allow=[co_organizer,organizer,participant,speaker,sponsor,staff,super_admin,venue_manager]
DELETE /v1/events/sponsors/:sponsorId perm=event:manage_sponsors allow=[co_organizer,organizer,super_admin]
GET /v1/events/sponsors/:sponsorId/leads perm=sponsor:view_leads allow=[sponsor,super_admin]
POST /v1/events/sponsors/:sponsorId/leads perm=sponsor:collect_leads allow=[sponsor,super_admin]
GET /v1/events/sponsors/:sponsorId/leads/export perm=sponsor:view_leads allow=[sponsor,super_admin]
POST /v1/events/sponsors/:sponsorId/upload-url perm=sponsor:manage_booth allow=[sponsor,super_admin]
POST /v1/newsletter/send perm=platform:manage allow=[super_admin]
GET /v1/notifications perm=notification:read_own allow=[co_organizer,organizer,participant,speaker,sponsor,staff,super_admin,venue_manager]
PATCH /v1/notifications/:notificationId/read perm=notification:read_own allow=[co_organizer,organizer,participant,speaker,sponsor,staff,super_admin,venue_manager]
GET /v1/notifications/catalog perm=notification:read_own allow=[co_organizer,organizer,participant,speaker,sponsor,staff,super_admin,venue_manager]
GET /v1/notifications/history perm=notification:read_own allow=[co_organizer,organizer,participant,speaker,sponsor,staff,super_admin,venue_manager]
GET /v1/notifications/preferences perm=notification:read_own allow=[co_organizer,organizer,participant,speaker,sponsor,staff,super_admin,venue_manager]
PUT /v1/notifications/preferences perm=notification:read_own allow=[co_organizer,organizer,participant,speaker,sponsor,staff,super_admin,venue_manager]
PATCH /v1/notifications/read-all perm=notification:read_own allow=[co_organizer,organizer,participant,speaker,sponsor,staff,super_admin,venue_manager]
POST /v1/notifications/resubscribe perm=notification:read_own allow=[co_organizer,organizer,participant,speaker,sponsor,staff,super_admin,venue_manager]
POST /v1/notifications/test-send perm=notification:read_own allow=[co_organizer,organizer,participant,speaker,sponsor,staff,super_admin,venue_manager]
GET /v1/notifications/unread-count perm=notification:read_own allow=[co_organizer,organizer,participant,speaker,sponsor,staff,super_admin,venue_manager]
POST /v1/organizations perm=organization:create allow=[super_admin]
GET /v1/organizations/:orgId perm=organization:read allow=[organizer,super_admin]
PATCH /v1/organizations/:orgId perm=organization:update allow=[organizer,super_admin]
GET /v1/organizations/:orgId/analytics perm=event:read allow=[co_organizer,organizer,speaker,sponsor,staff,super_admin]
GET /v1/organizations/:orgId/balance perm=payment:view_reports allow=[organizer,super_admin]
GET /v1/organizations/:orgId/balance-transactions perm=payment:view_reports allow=[organizer,super_admin]
GET /v1/organizations/:orgId/invites perm=organization:read allow=[organizer,super_admin]
POST /v1/organizations/:orgId/invites perm=organization:manage_members allow=[organizer,super_admin]
DELETE /v1/organizations/:orgId/invites/:inviteId perm=organization:manage_members allow=[organizer,super_admin]
DELETE /v1/organizations/:orgId/members perm=organization:manage_members allow=[organizer,super_admin]
POST /v1/organizations/:orgId/members perm=organization:manage_members allow=[organizer,super_admin]
PATCH /v1/organizations/:orgId/members/:memberId/role perm=organization:manage_members allow=[organizer,super_admin]
GET /v1/organizations/:orgId/subscription perm=organization:manage_billing allow=[organizer,super_admin]
POST /v1/organizations/:orgId/subscription/cancel perm=organization:manage_billing allow=[organizer,super_admin]
POST /v1/organizations/:orgId/subscription/downgrade perm=organization:manage_billing allow=[organizer,super_admin]
POST /v1/organizations/:orgId/subscription/revert-scheduled perm=organization:manage_billing allow=[organizer,super_admin]
POST /v1/organizations/:orgId/subscription/upgrade perm=organization:manage_billing allow=[organizer,super_admin]
GET /v1/organizations/:orgId/usage perm=organization:read allow=[organizer,super_admin]
POST /v1/payments/:paymentId/refund perm=payment:refund allow=[organizer,super_admin]
GET /v1/payments/:paymentId/status perm=payment:read_own allow=[organizer,participant,super_admin,venue_manager]
GET /v1/payments/event/:eventId perm=payment:read_all allow=[organizer,super_admin]
GET /v1/payments/event/:eventId/summary perm=payment:view_reports allow=[organizer,super_admin]
POST /v1/payments/initiate perm=payment:initiate allow=[organizer,participant,super_admin,venue_manager]
GET /v1/payouts/:payoutId perm=payout:read allow=[organizer,super_admin]
POST /v1/payouts/event/:eventId perm=payout:create allow=[organizer,super_admin]
GET /v1/payouts/event/:eventId/calculate perm=payout:read allow=[organizer,super_admin]
GET /v1/payouts/organization/:orgId perm=payout:read allow=[organizer,super_admin]
POST /v1/receipts/:paymentId/generate perm=payment:read_own allow=[organizer,participant,super_admin,venue_manager]
GET /v1/receipts/:receiptId perm=payment:read_own allow=[organizer,participant,super_admin,venue_manager]
GET /v1/receipts/:receiptId/pdf perm=payment:read_own allow=[organizer,participant,super_admin,venue_manager]
GET /v1/receipts/my perm=payment:read_own allow=[organizer,participant,super_admin,venue_manager]
POST /v1/registrations perm=registration:create allow=[co_organizer,organizer,participant,super_admin,venue_manager]
POST /v1/registrations/:registrationId/approve perm=registration:approve allow=[co_organizer,organizer,super_admin]
POST /v1/registrations/checkin perm=checkin:scan allow=[co_organizer,organizer,staff,super_admin]
GET /v1/registrations/event/:eventId perm=registration:read_all allow=[co_organizer,organizer,staff,super_admin]
GET /v1/users/:userId perm=profile:read_any allow=[co_organizer,organizer,participant,speaker,sponsor,super_admin,venue_manager]
POST /v1/venues perm=venue:create allow=[super_admin]
PATCH /v1/venues/:venueId perm=venue:update allow=[super_admin,venue_manager]
POST /v1/venues/:venueId/approve perm=venue:approve allow=[super_admin]
POST /v1/venues/:venueId/reactivate perm=venue:manage_all allow=[super_admin]
POST /v1/venues/:venueId/suspend perm=venue:manage_all allow=[super_admin]"
`;
